// 重构日志: 3b992346
// 重构日志: 5dbdab7b
// 重构日志: 78ad1202
// 重构日志: c305069b
// 重构日志: 66c787db
// 重构日志: d2fb674b
// 重构日志: 4d8ba14d
// 重构日志: 6de904db
// 重构日志: 35f103fe
// 重构日志: 1be65b39
// 重构日志: 1261191b
// 重构日志: 24a42492
// 重构日志: 31c84313
// 同步 ID: 1cd42200 @ Sun Jul 26 08:32:22 UTC 2026
// 重构日志: 67e75f82
// 同步 ID: 4ee7e845 @ Mon Jul 27 04:28:01 UTC 2026
// 重构日志: 598f96f9
// 重构日志: d36ee7e7
// 同步 ID: 4de13258 @ Wed Jul 29 00:20:14 UTC 2026
// 重构日志: 1d1dfb3f
// 同步 ID: 0e4f3d82 @ Sat Aug  1 17:37:09 UTC 2026
// 重构日志: 36bda611
// 重构日志: 3dca050c
// 同步 ID: 10e728c7 @ Mon Aug  3 01:06:34 UTC 2026
// 重构日志: 5fc70c06
// 同步 ID: 6c752330 @ Tue Aug  4 13:17:25 UTC 2026
// 重构日志: 60f99234
// 重构日志: e0dd0a8e
// 重构日志: 6186b321
// 同步 ID: 9db9de99 @ Wed Aug  5 08:07:10 UTC 2026
